Archive member included to satisfy reference by file (symbol)

d:/stm32cubeide_1.5.0/stm32cubeide/plugins/com.st.stm32cube.ide.mcu.externaltools.gnu-tools-for-stm32.7-2018-q2-update.win32_1.5.0.202011040924/tools/bin/../lib/gcc/arm-none-eabi/7.3.1/../../../../arm-none-eabi/lib/thumb/v7e-m/fpv4-sp/hard\libc_nano.a(lib_a-exit.o)
                              d:/stm32cubeide_1.5.0/stm32cubeide/plugins/com.st.stm32cube.ide.mcu.externaltools.gnu-tools-for-stm32.7-2018-q2-update.win32_1.5.0.202011040924/tools/bin/../lib/gcc/arm-none-eabi/7.3.1/../../../../arm-none-eabi/lib/thumb/v7e-m/fpv4-sp/hard/crt0.o (exit)
d:/stm32cubeide_1.5.0/stm32cubeide/plugins/com.st.stm32cube.ide.mcu.externaltools.gnu-tools-for-stm32.7-2018-q2-update.win32_1.5.0.202011040924/tools/bin/../lib/gcc/arm-none-eabi/7.3.1/../../../../arm-none-eabi/lib/thumb/v7e-m/fpv4-sp/hard\libc_nano.a(lib_a-impure.o)
                              d:/stm32cubeide_1.5.0/stm32cubeide/plugins/com.st.stm32cube.ide.mcu.externaltools.gnu-tools-for-stm32.7-2018-q2-update.win32_1.5.0.202011040924/tools/bin/../lib/gcc/arm-none-eabi/7.3.1/../../../../arm-none-eabi/lib/thumb/v7e-m/fpv4-sp/hard\libc_nano.a(lib_a-exit.o) (_global_impure_ptr)
d:/stm32cubeide_1.5.0/stm32cubeide/plugins/com.st.stm32cube.ide.mcu.externaltools.gnu-tools-for-stm32.7-2018-q2-update.win32_1.5.0.202011040924/tools/bin/../lib/gcc/arm-none-eabi/7.3.1/../../../../arm-none-eabi/lib/thumb/v7e-m/fpv4-sp/hard\libc_nano.a(lib_a-init.o)
                              d:/stm32cubeide_1.5.0/stm32cubeide/plugins/com.st.stm32cube.ide.mcu.externaltools.gnu-tools-for-stm32.7-2018-q2-update.win32_1.5.0.202011040924/tools/bin/../lib/gcc/arm-none-eabi/7.3.1/../../../../arm-none-eabi/lib/thumb/v7e-m/fpv4-sp/hard/crt0.o (__libc_init_array)
d:/stm32cubeide_1.5.0/stm32cubeide/plugins/com.st.stm32cube.ide.mcu.externaltools.gnu-tools-for-stm32.7-2018-q2-update.win32_1.5.0.202011040924/tools/bin/../lib/gcc/arm-none-eabi/7.3.1/../../../../arm-none-eabi/lib/thumb/v7e-m/fpv4-sp/hard\libc_nano.a(lib_a-memset.o)
                              d:/stm32cubeide_1.5.0/stm32cubeide/plugins/com.st.stm32cube.ide.mcu.externaltools.gnu-tools-for-stm32.7-2018-q2-update.win32_1.5.0.202011040924/tools/bin/../lib/gcc/arm-none-eabi/7.3.1/../../../../arm-none-eabi/lib/thumb/v7e-m/fpv4-sp/hard/crt0.o (memset)
d:/stm32cubeide_1.5.0/stm32cubeide/plugins/com.st.stm32cube.ide.mcu.externaltools.gnu-tools-for-stm32.7-2018-q2-update.win32_1.5.0.202011040924/tools/bin/../lib/gcc/arm-none-eabi/7.3.1/../../../../arm-none-eabi/lib/thumb/v7e-m/fpv4-sp/hard\libnosys.a(_exit.o)
                              d:/stm32cubeide_1.5.0/stm32cubeide/plugins/com.st.stm32cube.ide.mcu.externaltools.gnu-tools-for-stm32.7-2018-q2-update.win32_1.5.0.202011040924/tools/bin/../lib/gcc/arm-none-eabi/7.3.1/../../../../arm-none-eabi/lib/thumb/v7e-m/fpv4-sp/hard\libc_nano.a(lib_a-exit.o) (_exit)

Discarded input sections

 .text          0x0000000000000000        0x0 d:/stm32cubeide_1.5.0/stm32cubeide/plugins/com.st.stm32cube.ide.mcu.externaltools.gnu-tools-for-stm32.7-2018-q2-update.win32_1.5.0.202011040924/tools/bin/../lib/gcc/arm-none-eabi/7.3.1/thumb/v7e-m/fpv4-sp/hard/crti.o
 .data          0x0000000000000000        0x0 d:/stm32cubeide_1.5.0/stm32cubeide/plugins/com.st.stm32cube.ide.mcu.externaltools.gnu-tools-for-stm32.7-2018-q2-update.win32_1.5.0.202011040924/tools/bin/../lib/gcc/arm-none-eabi/7.3.1/thumb/v7e-m/fpv4-sp/hard/crti.o
 .bss           0x0000000000000000        0x0 d:/stm32cubeide_1.5.0/stm32cubeide/plugins/com.st.stm32cube.ide.mcu.externaltools.gnu-tools-for-stm32.7-2018-q2-update.win32_1.5.0.202011040924/tools/bin/../lib/gcc/arm-none-eabi/7.3.1/thumb/v7e-m/fpv4-sp/hard/crti.o
 .data          0x0000000000000000        0x4 d:/stm32cubeide_1.5.0/stm32cubeide/plugins/com.st.stm32cube.ide.mcu.externaltools.gnu-tools-for-stm32.7-2018-q2-update.win32_1.5.0.202011040924/tools/bin/../lib/gcc/arm-none-eabi/7.3.1/thumb/v7e-m/fpv4-sp/hard/crtbegin.o
 .text          0x0000000000000000       0x74 d:/stm32cubeide_1.5.0/stm32cubeide/plugins/com.st.stm32cube.ide.mcu.externaltools.gnu-tools-for-stm32.7-2018-q2-update.win32_1.5.0.202011040924/tools/bin/../lib/gcc/arm-none-eabi/7.3.1/../../../../arm-none-eabi/lib/thumb/v7e-m/fpv4-sp/hard/crt0.o
 .data          0x0000000000000000        0x0 d:/stm32cubeide_1.5.0/stm32cubeide/plugins/com.st.stm32cube.ide.mcu.externaltools.gnu-tools-for-stm32.7-2018-q2-update.win32_1.5.0.202011040924/tools/bin/../lib/gcc/arm-none-eabi/7.3.1/../../../../arm-none-eabi/lib/thumb/v7e-m/fpv4-sp/hard/crt0.o
 .bss           0x0000000000000000        0x0 d:/stm32cubeide_1.5.0/stm32cubeide/plugins/com.st.stm32cube.ide.mcu.externaltools.gnu-tools-for-stm32.7-2018-q2-update.win32_1.5.0.202011040924/tools/bin/../lib/gcc/arm-none-eabi/7.3.1/../../../../arm-none-eabi/lib/thumb/v7e-m/fpv4-sp/hard/crt0.o
 .ARM.extab     0x0000000000000000        0x0 d:/stm32cubeide_1.5.0/stm32cubeide/plugins/com.st.stm32cube.ide.mcu.externaltools.gnu-tools-for-stm32.7-2018-q2-update.win32_1.5.0.202011040924/tools/bin/../lib/gcc/arm-none-eabi/7.3.1/../../../../arm-none-eabi/lib/thumb/v7e-m/fpv4-sp/hard/crt0.o
 .ARM.exidx     0x0000000000000000        0x8 d:/stm32cubeide_1.5.0/stm32cubeide/plugins/com.st.stm32cube.ide.mcu.externaltools.gnu-tools-for-stm32.7-2018-q2-update.win32_1.5.0.202011040924/tools/bin/../lib/gcc/arm-none-eabi/7.3.1/../../../../arm-none-eabi/lib/thumb/v7e-m/fpv4-sp/hard/crt0.o
 .ARM.attributes
                0x0000000000000000       0x20 d:/stm32cubeide_1.5.0/stm32cubeide/plugins/com.st.stm32cube.ide.mcu.externaltools.gnu-tools-for-stm32.7-2018-q2-update.win32_1.5.0.202011040924/tools/bin/../lib/gcc/arm-none-eabi/7.3.1/../../../../arm-none-eabi/lib/thumb/v7e-m/fpv4-sp/hard/crt0.o
 .group         0x0000000000000000        0xc Src/msys.o
 .group         0x0000000000000000        0xc Src/msys.o
 .group         0x0000000000000000        0xc Src/msys.o
 .group         0x0000000000000000        0xc Src/msys.o
 .group         0x0000000000000000        0xc Src/msys.o
 .group         0x0000000000000000        0xc Src/msys.o
 .group         0x0000000000000000        0xc Src/msys.o
 .group         0x0000000000000000        0xc Src/msys.o
 .group         0x0000000000000000        0xc Src/msys.o
 .group         0x0000000000000000        0xc Src/msys.o
 .group         0x0000000000000000        0xc Src/msys.o
 .group         0x0000000000000000        0xc Src/msys.o
 .group         0x0000000000000000        0xc Src/msys.o
 .group         0x0000000000000000        0xc Src/msys.o
 .group         0x0000000000000000        0xc Src/msys.o
 .group         0x0000000000000000        0xc Src/msys.o
 .group         0x0000000000000000        0xc Src/msys.o
 .group         0x0000000000000000        0xc Src/msys.o
 .group         0x0000000000000000        0xc Src/msys.o
 .group         0x0000000000000000        0xc Src/msys.o
 .group         0x0000000000000000        0xc Src/msys.o
 .group         0x0000000000000000        0xc Src/msys.o
 .group         0x0000000000000000        0xc Src/msys.o
 .group         0x0000000000000000        0xc Src/msys.o
 .group         0x0000000000000000        0xc Src/msys.o
 .group         0x0000000000000000        0xc Src/msys.o
 .group         0x0000000000000000        0xc Src/msys.o
 .group         0x0000000000000000        0xc Src/msys.o
 .group         0x0000000000000000        0xc Src/msys.o
 .group         0x0000000000000000        0xc Src/msys.o
 .group         0x0000000000000000        0xc Src/msys.o
 .group         0x0000000000000000        0xc Src/msys.o
 .group         0x0000000000000000        0xc Src/msys.o
 .group         0x0000000000000000        0xc Src/msys.o
 .text          0x0000000000000000        0x0 Src/msys.o
 .data          0x0000000000000000        0x0 Src/msys.o
 .bss           0x0000000000000000        0x0 Src/msys.o
 .group         0x0000000000000000        0xc Src/msys_test_main.o
 .group         0x0000000000000000        0xc Src/msys_test_main.o
 .group         0x0000000000000000        0xc Src/msys_test_main.o
 .group         0x0000000000000000        0xc Src/msys_test_main.o
 .group         0x0000000000000000        0xc Src/msys_test_main.o
 .group         0x0000000000000000        0xc Src/msys_test_main.o
 .group         0x0000000000000000        0xc Src/msys_test_main.o
 .group         0x0000000000000000        0xc Src/msys_test_main.o
 .group         0x0000000000000000        0xc Src/msys_test_main.o
 .group         0x0000000000000000        0xc Src/msys_test_main.o
 .group         0x0000000000000000        0xc Src/msys_test_main.o
 .group         0x0000000000000000        0xc Src/msys_test_main.o
 .group         0x0000000000000000        0xc Src/msys_test_main.o
 .group         0x0000000000000000        0xc Src/msys_test_main.o
 .group         0x0000000000000000        0xc Src/msys_test_main.o
 .group         0x0000000000000000        0xc Src/msys_test_main.o
 .group         0x0000000000000000        0xc Src/msys_test_main.o
 .group         0x0000000000000000        0xc Src/msys_test_main.o
 .group         0x0000000000000000        0xc Src/msys_test_main.o
 .group         0x0000000000000000        0xc Src/msys_test_main.o
 .group         0x0000000000000000        0xc Src/msys_test_main.o
 .group         0x0000000000000000        0xc Src/msys_test_main.o
 .group         0x0000000000000000        0xc Src/msys_test_main.o
 .group         0x0000000000000000        0xc Src/msys_test_main.o
 .group         0x0000000000000000        0xc Src/msys_test_main.o
 .group         0x0000000000000000        0xc Src/msys_test_main.o
 .group         0x0000000000000000        0xc Src/msys_test_main.o
 .group         0x0000000000000000        0xc Src/msys_test_main.o
 .group         0x0000000000000000        0xc Src/msys_test_main.o
 .group         0x0000000000000000        0xc Src/msys_test_main.o
 .group         0x0000000000000000        0xc Src/msys_test_main.o
 .group         0x0000000000000000        0xc Src/msys_test_main.o
 .group         0x0000000000000000        0xc Src/msys_test_main.o
 .group         0x0000000000000000        0xc Src/msys_test_main.o
 .text          0x0000000000000000        0x0 Src/msys_test_main.o
 .data          0x0000000000000000        0x0 Src/msys_test_main.o
 .bss           0x0000000000000000        0x0 Src/msys_test_main.o
 .debug_macro   0x0000000000000000      0xa66 Src/msys_test_main.o
 .debug_macro   0x0000000000000000       0x22 Src/msys_test_main.o
 .debug_macro   0x0000000000000000       0xef Src/msys_test_main.o
 .debug_macro   0x0000000000000000       0x6a Src/msys_test_main.o
 .debug_macro   0x0000000000000000      0x1df Src/msys_test_main.o
 .debug_macro   0x0000000000000000       0x18 Src/msys_test_main.o
 .debug_macro   0x0000000000000000       0x3c Src/msys_test_main.o
 .debug_macro   0x0000000000000000       0x34 Src/msys_test_main.o
 .debug_macro   0x0000000000000000       0x16 Src/msys_test_main.o
 .debug_macro   0x0000000000000000       0x97 Src/msys_test_main.o
 .debug_macro   0x0000000000000000      0x330 Src/msys_test_main.o
 .debug_macro   0x0000000000000000       0xfd Src/msys_test_main.o
 .debug_macro   0x0000000000000000       0x10 Src/msys_test_main.o
 .debug_macro   0x0000000000000000       0x52 Src/msys_test_main.o
 .debug_macro   0x0000000000000000       0x1f Src/msys_test_main.o
 .debug_macro   0x0000000000000000       0x43 Src/msys_test_main.o
 .debug_macro   0x0000000000000000       0x20 Src/msys_test_main.o
 .debug_macro   0x0000000000000000      0x1a3 Src/msys_test_main.o
 .debug_macro   0x0000000000000000       0x10 Src/msys_test_main.o
 .debug_macro   0x0000000000000000       0x1c Src/msys_test_main.o
 .debug_macro   0x0000000000000000       0x52 Src/msys_test_main.o
 .debug_macro   0x0000000000000000       0x40 Src/msys_test_main.o
 .debug_macro   0x0000000000000000       0x10 Src/msys_test_main.o
 .debug_macro   0x0000000000000000       0x40 Src/msys_test_main.o
 .debug_macro   0x0000000000000000       0xd7 Src/msys_test_main.o
 .debug_macro   0x0000000000000000       0x1c Src/msys_test_main.o
 .debug_macro   0x0000000000000000       0x3d Src/msys_test_main.o
 .debug_macro   0x0000000000000000       0x16 Src/msys_test_main.o
 .debug_macro   0x0000000000000000      0x145 Src/msys_test_main.o
 .debug_macro   0x0000000000000000       0x40 Src/msys_test_main.o
 .debug_macro   0x0000000000000000      0x196 Src/msys_test_main.o
 .text          0x0000000000000000       0x14 Startup/startup_stm32g431rbtx.o
 .data          0x0000000000000000        0x0 Startup/startup_stm32g431rbtx.o
 .bss           0x0000000000000000        0x0 Startup/startup_stm32g431rbtx.o
 .text          0x0000000000000000        0x0 d:/stm32cubeide_1.5.0/stm32cubeide/plugins/com.st.stm32cube.ide.mcu.externaltools.gnu-tools-for-stm32.7-2018-q2-update.win32_1.5.0.202011040924/tools/bin/../lib/gcc/arm-none-eabi/7.3.1/../../../../arm-none-eabi/lib/thumb/v7e-m/fpv4-sp/hard\libc_nano.a(lib_a-exit.o)
 .data          0x0000000000000000        0x0 d:/stm32cubeide_1.5.0/stm32cubeide/plugins/com.st.stm32cube.ide.mcu.externaltools.gnu-tools-for-stm32.7-2018-q2-update.win32_1.5.0.202011040924/tools/bin/../lib/gcc/arm-none-eabi/7.3.1/../../../../arm-none-eabi/lib/thumb/v7e-m/fpv4-sp/hard\libc_nano.a(lib_a-exit.o)
 .bss           0x0000000000000000        0x0 d:/stm32cubeide_1.5.0/stm32cubeide/plugins/com.st.stm32cube.ide.mcu.externaltools.gnu-tools-for-stm32.7-2018-q2-update.win32_1.5.0.202011040924/tools/bin/../lib/gcc/arm-none-eabi/7.3.1/../../../../arm-none-eabi/lib/thumb/v7e-m/fpv4-sp/hard\libc_nano.a(lib_a-exit.o)
 .text.exit     0x0000000000000000       0x28 d:/stm32cubeide_1.5.0/stm32cubeide/plugins/com.st.stm32cube.ide.mcu.externaltools.gnu-tools-for-stm32.7-2018-q2-update.win32_1.5.0.202011040924/tools/bin/../lib/gcc/arm-none-eabi/7.3.1/../../../../arm-none-eabi/lib/thumb/v7e-m/fpv4-sp/hard\libc_nano.a(lib_a-exit.o)
 .debug_frame   0x0000000000000000       0x28 d:/stm32cubeide_1.5.0/stm32cubeide/plugins/com.st.stm32cube.ide.mcu.externaltools.gnu-tools-for-stm32.7-2018-q2-update.win32_1.5.0.202011040924/tools/bin/../lib/gcc/arm-none-eabi/7.3.1/../../../../arm-none-eabi/lib/thumb/v7e-m/fpv4-sp/hard\libc_nano.a(lib_a-exit.o)
 .ARM.attributes
                0x0000000000000000       0x34 d:/stm32cubeide_1.5.0/stm32cubeide/plugins/com.st.stm32cube.ide.mcu.externaltools.gnu-tools-for-stm32.7-2018-q2-update.win32_1.5.0.202011040924/tools/bin/../lib/gcc/arm-none-eabi/7.3.1/../../../../arm-none-eabi/lib/thumb/v7e-m/fpv4-sp/hard\libc_nano.a(lib_a-exit.o)
 .text          0x0000000000000000        0x0 d:/stm32cubeide_1.5.0/stm32cubeide/plugins/com.st.stm32cube.ide.mcu.externaltools.gnu-tools-for-stm32.7-2018-q2-update.win32_1.5.0.202011040924/tools/bin/../lib/gcc/arm-none-eabi/7.3.1/../../../../arm-none-eabi/lib/thumb/v7e-m/fpv4-sp/hard\libc_nano.a(lib_a-impure.o)
 .data          0x0000000000000000        0x0 d:/stm32cubeide_1.5.0/stm32cubeide/plugins/com.st.stm32cube.ide.mcu.externaltools.gnu-tools-for-stm32.7-2018-q2-update.win32_1.5.0.202011040924/tools/bin/../lib/gcc/arm-none-eabi/7.3.1/../../../../arm-none-eabi/lib/thumb/v7e-m/fpv4-sp/hard\libc_nano.a(lib_a-impure.o)
 .bss           0x0000000000000000        0x0 d:/stm32cubeide_1.5.0/stm32cubeide/plugins/com.st.stm32cube.ide.mcu.externaltools.gnu-tools-for-stm32.7-2018-q2-update.win32_1.5.0.202011040924/tools/bin/../lib/gcc/arm-none-eabi/7.3.1/../../../../arm-none-eabi/lib/thumb/v7e-m/fpv4-sp/hard\libc_nano.a(lib_a-impure.o)
 .data._impure_ptr
                0x0000000000000000        0x4 d:/stm32cubeide_1.5.0/stm32cubeide/plugins/com.st.stm32cube.ide.mcu.externaltools.gnu-tools-for-stm32.7-2018-q2-update.win32_1.5.0.202011040924/tools/bin/../lib/gcc/arm-none-eabi/7.3.1/../../../../arm-none-eabi/lib/thumb/v7e-m/fpv4-sp/hard\libc_nano.a(lib_a-impure.o)
 .data.impure_data
                0x0000000000000000       0x60 d:/stm32cubeide_1.5.0/stm32cubeide/plugins/com.st.stm32cube.ide.mcu.externaltools.gnu-tools-for-stm32.7-2018-q2-update.win32_1.5.0.202011040924/tools/bin/../lib/gcc/arm-none-eabi/7.3.1/../../../../arm-none-eabi/lib/thumb/v7e-m/fpv4-sp/hard\libc_nano.a(lib_a-impure.o)
 .rodata._global_impure_ptr
                0x0000000000000000        0x4 d:/stm32cubeide_1.5.0/stm32cubeide/plugins/com.st.stm32cube.ide.mcu.externaltools.gnu-tools-for-stm32.7-2018-q2-update.win32_1.5.0.202011040924/tools/bin/../lib/gcc/arm-none-eabi/7.3.1/../../../../arm-none-eabi/lib/thumb/v7e-m/fpv4-sp/hard\libc_nano.a(lib_a-impure.o)
 .ARM.attributes
                0x0000000000000000       0x34 d:/stm32cubeide_1.5.0/stm32cubeide/plugins/com.st.stm32cube.ide.mcu.externaltools.gnu-tools-for-stm32.7-2018-q2-update.win32_1.5.0.202011040924/tools/bin/../lib/gcc/arm-none-eabi/7.3.1/../../../../arm-none-eabi/lib/thumb/v7e-m/fpv4-sp/hard\libc_nano.a(lib_a-impure.o)
 .text          0x0000000000000000        0x0 d:/stm32cubeide_1.5.0/stm32cubeide/plugins/com.st.stm32cube.ide.mcu.externaltools.gnu-tools-for-stm32.7-2018-q2-update.win32_1.5.0.202011040924/tools/bin/../lib/gcc/arm-none-eabi/7.3.1/../../../../arm-none-eabi/lib/thumb/v7e-m/fpv4-sp/hard\libc_nano.a(lib_a-init.o)
 .data          0x0000000000000000        0x0 d:/stm32cubeide_1.5.0/stm32cubeide/plugins/com.st.stm32cube.ide.mcu.externaltools.gnu-tools-for-stm32.7-2018-q2-update.win32_1.5.0.202011040924/tools/bin/../lib/gcc/arm-none-eabi/7.3.1/../../../../arm-none-eabi/lib/thumb/v7e-m/fpv4-sp/hard\libc_nano.a(lib_a-init.o)
 .bss           0x0000000000000000        0x0 d:/stm32cubeide_1.5.0/stm32cubeide/plugins/com.st.stm32cube.ide.mcu.externaltools.gnu-tools-for-stm32.7-2018-q2-update.win32_1.5.0.202011040924/tools/bin/../lib/gcc/arm-none-eabi/7.3.1/../../../../arm-none-eabi/lib/thumb/v7e-m/fpv4-sp/hard\libc_nano.a(lib_a-init.o)
 .text          0x0000000000000000        0x0 d:/stm32cubeide_1.5.0/stm32cubeide/plugins/com.st.stm32cube.ide.mcu.externaltools.gnu-tools-for-stm32.7-2018-q2-update.win32_1.5.0.202011040924/tools/bin/../lib/gcc/arm-none-eabi/7.3.1/../../../../arm-none-eabi/lib/thumb/v7e-m/fpv4-sp/hard\libc_nano.a(lib_a-memset.o)
 .data          0x0000000000000000        0x0 d:/stm32cubeide_1.5.0/stm32cubeide/plugins/com.st.stm32cube.ide.mcu.externaltools.gnu-tools-for-stm32.7-2018-q2-update.win32_1.5.0.202011040924/tools/bin/../lib/gcc/arm-none-eabi/7.3.1/../../../../arm-none-eabi/lib/thumb/v7e-m/fpv4-sp/hard\libc_nano.a(lib_a-memset.o)
 .bss           0x0000000000000000        0x0 d:/stm32cubeide_1.5.0/stm32cubeide/plugins/com.st.stm32cube.ide.mcu.externaltools.gnu-tools-for-stm32.7-2018-q2-update.win32_1.5.0.202011040924/tools/bin/../lib/gcc/arm-none-eabi/7.3.1/../../../../arm-none-eabi/lib/thumb/v7e-m/fpv4-sp/hard\libc_nano.a(lib_a-memset.o)
 .text.memset   0x0000000000000000       0x10 d:/stm32cubeide_1.5.0/stm32cubeide/plugins/com.st.stm32cube.ide.mcu.externaltools.gnu-tools-for-stm32.7-2018-q2-update.win32_1.5.0.202011040924/tools/bin/../lib/gcc/arm-none-eabi/7.3.1/../../../../arm-none-eabi/lib/thumb/v7e-m/fpv4-sp/hard\libc_nano.a(lib_a-memset.o)
 .debug_frame   0x0000000000000000       0x20 d:/stm32cubeide_1.5.0/stm32cubeide/plugins/com.st.stm32cube.ide.mcu.externaltools.gnu-tools-for-stm32.7-2018-q2-update.win32_1.5.0.202011040924/tools/bin/../lib/gcc/arm-none-eabi/7.3.1/../../../../arm-none-eabi/lib/thumb/v7e-m/fpv4-sp/hard\libc_nano.a(lib_a-memset.o)
 .ARM.attributes
                0x0000000000000000       0x34 d:/stm32cubeide_1.5.0/stm32cubeide/plugins/com.st.stm32cube.ide.mcu.externaltools.gnu-tools-for-stm32.7-2018-q2-update.win32_1.5.0.202011040924/tools/bin/../lib/gcc/arm-none-eabi/7.3.1/../../../../arm-none-eabi/lib/thumb/v7e-m/fpv4-sp/hard\libc_nano.a(lib_a-memset.o)
 .text          0x0000000000000000        0x0 d:/stm32cubeide_1.5.0/stm32cubeide/plugins/com.st.stm32cube.ide.mcu.externaltools.gnu-tools-for-stm32.7-2018-q2-update.win32_1.5.0.202011040924/tools/bin/../lib/gcc/arm-none-eabi/7.3.1/../../../../arm-none-eabi/lib/thumb/v7e-m/fpv4-sp/hard\libnosys.a(_exit.o)
 .data          0x0000000000000000        0x0 d:/stm32cubeide_1.5.0/stm32cubeide/plugins/com.st.stm32cube.ide.mcu.externaltools.gnu-tools-for-stm32.7-2018-q2-update.win32_1.5.0.202011040924/tools/bin/../lib/gcc/arm-none-eabi/7.3.1/../../../../arm-none-eabi/lib/thumb/v7e-m/fpv4-sp/hard\libnosys.a(_exit.o)
 .bss           0x0000000000000000        0x0 d:/stm32cubeide_1.5.0/stm32cubeide/plugins/com.st.stm32cube.ide.mcu.externaltools.gnu-tools-for-stm32.7-2018-q2-update.win32_1.5.0.202011040924/tools/bin/../lib/gcc/arm-none-eabi/7.3.1/../../../../arm-none-eabi/lib/thumb/v7e-m/fpv4-sp/hard\libnosys.a(_exit.o)
 .text._exit    0x0000000000000000        0x2 d:/stm32cubeide_1.5.0/stm32cubeide/plugins/com.st.stm32cube.ide.mcu.externaltools.gnu-tools-for-stm32.7-2018-q2-update.win32_1.5.0.202011040924/tools/bin/../lib/gcc/arm-none-eabi/7.3.1/../../../../arm-none-eabi/lib/thumb/v7e-m/fpv4-sp/hard\libnosys.a(_exit.o)
 .debug_frame   0x0000000000000000       0x20 d:/stm32cubeide_1.5.0/stm32cubeide/plugins/com.st.stm32cube.ide.mcu.externaltools.gnu-tools-for-stm32.7-2018-q2-update.win32_1.5.0.202011040924/tools/bin/../lib/gcc/arm-none-eabi/7.3.1/../../../../arm-none-eabi/lib/thumb/v7e-m/fpv4-sp/hard\libnosys.a(_exit.o)
 .ARM.attributes
                0x0000000000000000       0x34 d:/stm32cubeide_1.5.0/stm32cubeide/plugins/com.st.stm32cube.ide.mcu.externaltools.gnu-tools-for-stm32.7-2018-q2-update.win32_1.5.0.202011040924/tools/bin/../lib/gcc/arm-none-eabi/7.3.1/../../../../arm-none-eabi/lib/thumb/v7e-m/fpv4-sp/hard\libnosys.a(_exit.o)
 .text          0x0000000000000000        0x0 d:/stm32cubeide_1.5.0/stm32cubeide/plugins/com.st.stm32cube.ide.mcu.externaltools.gnu-tools-for-stm32.7-2018-q2-update.win32_1.5.0.202011040924/tools/bin/../lib/gcc/arm-none-eabi/7.3.1/thumb/v7e-m/fpv4-sp/hard/crtend.o
 .data          0x0000000000000000        0x0 d:/stm32cubeide_1.5.0/stm32cubeide/plugins/com.st.stm32cube.ide.mcu.externaltools.gnu-tools-for-stm32.7-2018-q2-update.win32_1.5.0.202011040924/tools/bin/../lib/gcc/arm-none-eabi/7.3.1/thumb/v7e-m/fpv4-sp/hard/crtend.o
 .bss           0x0000000000000000        0x0 d:/stm32cubeide_1.5.0/stm32cubeide/plugins/com.st.stm32cube.ide.mcu.externaltools.gnu-tools-for-stm32.7-2018-q2-update.win32_1.5.0.202011040924/tools/bin/../lib/gcc/arm-none-eabi/7.3.1/thumb/v7e-m/fpv4-sp/hard/crtend.o
 .eh_frame      0x0000000000000000        0x4 d:/stm32cubeide_1.5.0/stm32cubeide/plugins/com.st.stm32cube.ide.mcu.externaltools.gnu-tools-for-stm32.7-2018-q2-update.win32_1.5.0.202011040924/tools/bin/../lib/gcc/arm-none-eabi/7.3.1/thumb/v7e-m/fpv4-sp/hard/crtend.o
 .ARM.attributes
                0x0000000000000000       0x34 d:/stm32cubeide_1.5.0/stm32cubeide/plugins/com.st.stm32cube.ide.mcu.externaltools.gnu-tools-for-stm32.7-2018-q2-update.win32_1.5.0.202011040924/tools/bin/../lib/gcc/arm-none-eabi/7.3.1/thumb/v7e-m/fpv4-sp/hard/crtend.o
 .text          0x0000000000000000        0x0 d:/stm32cubeide_1.5.0/stm32cubeide/plugins/com.st.stm32cube.ide.mcu.externaltools.gnu-tools-for-stm32.7-2018-q2-update.win32_1.5.0.202011040924/tools/bin/../lib/gcc/arm-none-eabi/7.3.1/thumb/v7e-m/fpv4-sp/hard/crtn.o
 .data          0x0000000000000000        0x0 d:/stm32cubeide_1.5.0/stm32cubeide/plugins/com.st.stm32cube.ide.mcu.externaltools.gnu-tools-for-stm32.7-2018-q2-update.win32_1.5.0.202011040924/tools/bin/../lib/gcc/arm-none-eabi/7.3.1/thumb/v7e-m/fpv4-sp/hard/crtn.o
 .bss           0x0000000000000000        0x0 d:/stm32cubeide_1.5.0/stm32cubeide/plugins/com.st.stm32cube.ide.mcu.externaltools.gnu-tools-for-stm32.7-2018-q2-update.win32_1.5.0.202011040924/tools/bin/../lib/gcc/arm-none-eabi/7.3.1/thumb/v7e-m/fpv4-sp/hard/crtn.o

Memory Configuration

Name             Origin             Length             Attributes
RAM              0x0000000020000000 0x0000000000008000 xrw
FLASH            0x0000000008000000 0x0000000000020000 xr
*default*        0x0000000000000000 0xffffffffffffffff

Linker script and memory map

LOAD d:/stm32cubeide_1.5.0/stm32cubeide/plugins/com.st.stm32cube.ide.mcu.externaltools.gnu-tools-for-stm32.7-2018-q2-update.win32_1.5.0.202011040924/tools/bin/../lib/gcc/arm-none-eabi/7.3.1/thumb/v7e-m/fpv4-sp/hard/crti.o
LOAD d:/stm32cubeide_1.5.0/stm32cubeide/plugins/com.st.stm32cube.ide.mcu.externaltools.gnu-tools-for-stm32.7-2018-q2-update.win32_1.5.0.202011040924/tools/bin/../lib/gcc/arm-none-eabi/7.3.1/thumb/v7e-m/fpv4-sp/hard/crtbegin.o
LOAD d:/stm32cubeide_1.5.0/stm32cubeide/plugins/com.st.stm32cube.ide.mcu.externaltools.gnu-tools-for-stm32.7-2018-q2-update.win32_1.5.0.202011040924/tools/bin/../lib/gcc/arm-none-eabi/7.3.1/../../../../arm-none-eabi/lib/thumb/v7e-m/fpv4-sp/hard/crt0.o
LOAD Src/msys.o
LOAD Src/msys_test_main.o
LOAD Startup/startup_stm32g431rbtx.o
START GROUP
LOAD d:/stm32cubeide_1.5.0/stm32cubeide/plugins/com.st.stm32cube.ide.mcu.externaltools.gnu-tools-for-stm32.7-2018-q2-update.win32_1.5.0.202011040924/tools/bin/../lib/gcc/arm-none-eabi/7.3.1/../../../../arm-none-eabi/lib/thumb/v7e-m/fpv4-sp/hard\libc_nano.a
LOAD d:/stm32cubeide_1.5.0/stm32cubeide/plugins/com.st.stm32cube.ide.mcu.externaltools.gnu-tools-for-stm32.7-2018-q2-update.win32_1.5.0.202011040924/tools/bin/../lib/gcc/arm-none-eabi/7.3.1/../../../../arm-none-eabi/lib/thumb/v7e-m/fpv4-sp/hard\libm.a
END GROUP
START GROUP
LOAD d:/stm32cubeide_1.5.0/stm32cubeide/plugins/com.st.stm32cube.ide.mcu.externaltools.gnu-tools-for-stm32.7-2018-q2-update.win32_1.5.0.202011040924/tools/bin/../lib/gcc/arm-none-eabi/7.3.1/thumb/v7e-m/fpv4-sp/hard\libgcc.a
LOAD d:/stm32cubeide_1.5.0/stm32cubeide/plugins/com.st.stm32cube.ide.mcu.externaltools.gnu-tools-for-stm32.7-2018-q2-update.win32_1.5.0.202011040924/tools/bin/../lib/gcc/arm-none-eabi/7.3.1/../../../../arm-none-eabi/lib/thumb/v7e-m/fpv4-sp/hard\libc_nano.a
END GROUP
START GROUP
LOAD d:/stm32cubeide_1.5.0/stm32cubeide/plugins/com.st.stm32cube.ide.mcu.externaltools.gnu-tools-for-stm32.7-2018-q2-update.win32_1.5.0.202011040924/tools/bin/../lib/gcc/arm-none-eabi/7.3.1/thumb/v7e-m/fpv4-sp/hard\libgcc.a
LOAD d:/stm32cubeide_1.5.0/stm32cubeide/plugins/com.st.stm32cube.ide.mcu.externaltools.gnu-tools-for-stm32.7-2018-q2-update.win32_1.5.0.202011040924/tools/bin/../lib/gcc/arm-none-eabi/7.3.1/../../../../arm-none-eabi/lib/thumb/v7e-m/fpv4-sp/hard\libc_nano.a
LOAD d:/stm32cubeide_1.5.0/stm32cubeide/plugins/com.st.stm32cube.ide.mcu.externaltools.gnu-tools-for-stm32.7-2018-q2-update.win32_1.5.0.202011040924/tools/bin/../lib/gcc/arm-none-eabi/7.3.1/../../../../arm-none-eabi/lib/thumb/v7e-m/fpv4-sp/hard\libnosys.a
END GROUP
START GROUP
LOAD d:/stm32cubeide_1.5.0/stm32cubeide/plugins/com.st.stm32cube.ide.mcu.externaltools.gnu-tools-for-stm32.7-2018-q2-update.win32_1.5.0.202011040924/tools/bin/../lib/gcc/arm-none-eabi/7.3.1/thumb/v7e-m/fpv4-sp/hard\libgcc.a
LOAD d:/stm32cubeide_1.5.0/stm32cubeide/plugins/com.st.stm32cube.ide.mcu.externaltools.gnu-tools-for-stm32.7-2018-q2-update.win32_1.5.0.202011040924/tools/bin/../lib/gcc/arm-none-eabi/7.3.1/../../../../arm-none-eabi/lib/thumb/v7e-m/fpv4-sp/hard\libc_nano.a
LOAD d:/stm32cubeide_1.5.0/stm32cubeide/plugins/com.st.stm32cube.ide.mcu.externaltools.gnu-tools-for-stm32.7-2018-q2-update.win32_1.5.0.202011040924/tools/bin/../lib/gcc/arm-none-eabi/7.3.1/../../../../arm-none-eabi/lib/thumb/v7e-m/fpv4-sp/hard\libnosys.a
END GROUP
LOAD d:/stm32cubeide_1.5.0/stm32cubeide/plugins/com.st.stm32cube.ide.mcu.externaltools.gnu-tools-for-stm32.7-2018-q2-update.win32_1.5.0.202011040924/tools/bin/../lib/gcc/arm-none-eabi/7.3.1/thumb/v7e-m/fpv4-sp/hard/crtend.o
LOAD d:/stm32cubeide_1.5.0/stm32cubeide/plugins/com.st.stm32cube.ide.mcu.externaltools.gnu-tools-for-stm32.7-2018-q2-update.win32_1.5.0.202011040924/tools/bin/../lib/gcc/arm-none-eabi/7.3.1/thumb/v7e-m/fpv4-sp/hard/crtn.o
                0x0000000020008000                _estack = (ORIGIN (RAM) + LENGTH (RAM))
                0x0000000000000200                _Min_Heap_Size = 0x200
                0x0000000000000400                _Min_Stack_Size = 0x400

.isr_vector     0x0000000008000000      0x1d8
                0x0000000008000000                . = ALIGN (0x4)
 *(.isr_vector)
 .isr_vector    0x0000000008000000      0x1d8 Startup/startup_stm32g431rbtx.o
                0x0000000008000000                g_pfnVectors
                0x00000000080001d8                . = ALIGN (0x4)

.text           0x00000000080001d8      0x280
                0x00000000080001d8                . = ALIGN (0x4)
 *(.text)
 .text          0x00000000080001d8       0x40 d:/stm32cubeide_1.5.0/stm32cubeide/plugins/com.st.stm32cube.ide.mcu.externaltools.gnu-tools-for-stm32.7-2018-q2-update.win32_1.5.0.202011040924/tools/bin/../lib/gcc/arm-none-eabi/7.3.1/thumb/v7e-m/fpv4-sp/hard/crtbegin.o
 *(.text*)
 .text.msys_pwr_enter_hp_range
                0x0000000008000218       0x5c Src/msys.o
 .text.msys_pwr_clk_enable
                0x0000000008000274       0x24 Src/msys.o
                0x0000000008000274                msys_pwr_clk_enable
 .text.msys_system_clk_config
                0x0000000008000298       0xbc Src/msys.o
                0x0000000008000298                msys_system_clk_config
 .text.main     0x0000000008000354       0x50 Src/msys_test_main.o
                0x0000000008000354                main
 .text.Reset_Handler
                0x00000000080003a4       0x50 Startup/startup_stm32g431rbtx.o
                0x00000000080003a4                Reset_Handler
 .text.Default_Handler
                0x00000000080003f4        0x2 Startup/startup_stm32g431rbtx.o
                0x00000000080003f4                EXTI2_IRQHandler
                0x00000000080003f4                TIM8_TRG_COM_IRQHandler
                0x00000000080003f4                TIM8_CC_IRQHandler
                0x00000000080003f4                DebugMon_Handler
                0x00000000080003f4                DMA1_CH4_IRQHandler
                0x00000000080003f4                TIM1_CC_IRQHandler
                0x00000000080003f4                Cordic_IRQHandler
                0x00000000080003f4                HardFault_Handler
                0x00000000080003f4                USB_HP_IRQHandler
                0x00000000080003f4                SysTick_Handler
                0x00000000080003f4                PendSV_Handler
                0x00000000080003f4                NMI_Handler
                0x00000000080003f4                EXTI3_IRQHandler
                0x00000000080003f4                I2C3_ER_IRQHandler
                0x00000000080003f4                TIM6_DACUNDER_IRQHandler
                0x00000000080003f4                EXTI0_IRQHandler
                0x00000000080003f4                I2C2_EV_IRQHandler
                0x00000000080003f4                DMA2_CH1_IRQHandler
                0x00000000080003f4                FPU_IRQHandler
                0x00000000080003f4                TIM1_UP_TIM16_IRQHandler
                0x00000000080003f4                UsageFault_Handler
                0x00000000080003f4                ADC1_2_IRQHandler
                0x00000000080003f4                SPI1_IRQHandler
                0x00000000080003f4                TIM8_UP_IRQHandler
                0x00000000080003f4                USBWakeUP_IRQHandler
                0x00000000080003f4                RTC_ALARM_IRQHandler
                0x00000000080003f4                DMA1_CH6_IRQHandler
                0x00000000080003f4                USART3_IRQHandler
                0x00000000080003f4                LPUART_IRQHandler
                0x00000000080003f4                TIM4_IRQHandler
                0x00000000080003f4                I2C1_EV_IRQHandler
                0x00000000080003f4                DMA2_CH5_IRQHandler
                0x00000000080003f4                UART4_IRQHandler
                0x00000000080003f4                DMA1_CH3_IRQHandler
                0x00000000080003f4                TIM3_IRQHandler
                0x00000000080003f4                RCC_IRQHandler
                0x00000000080003f4                TIM1_TRG_COM_IRQHandler
                0x00000000080003f4                Default_Handler
                0x00000000080003f4                FMAC_IRQHandler
                0x00000000080003f4                EXTI15_10_IRQHandler
                0x00000000080003f4                TIM7_IRQHandler
                0x00000000080003f4                UCPD1_IRQHandler
                0x00000000080003f4                I2C3_EV_IRQHandler
                0x00000000080003f4                EXTI9_5_IRQHandler
                0x00000000080003f4                DMA1_CH2_IRQHandler
                0x00000000080003f4                RTC_WKUP_IRQHandler
                0x00000000080003f4                SAI_IRQHandler
                0x00000000080003f4                PVD_PVM_IRQHandler
                0x00000000080003f4                fdcan1_intr1_it_IRQHandler
                0x00000000080003f4                SPI2_IRQHandler
                0x00000000080003f4                DMA1_CH1_IRQHandler
                0x00000000080003f4                MemManage_Handler
                0x00000000080003f4                SVC_Handler
                0x00000000080003f4                CRS_IRQHandler
                0x00000000080003f4                USB_LP_IRQHandler
                0x00000000080003f4                EXTI4_IRQHandler
                0x00000000080003f4                RNG_IRQHandler
                0x00000000080003f4                WWDG_IRQHandler
                0x00000000080003f4                TIM2_IRQHandler
                0x00000000080003f4                COMP1_2_3_IRQHandler
                0x00000000080003f4                EXTI1_IRQHandler
                0x00000000080003f4                AES_IRQHandler
                0x00000000080003f4                fdcan1_intr0_it_IRQHandler
                0x00000000080003f4                USART2_IRQHandler
                0x00000000080003f4                I2C2_ER_IRQHandler
                0x00000000080003f4                TIM8_BRK_IRQHandler
                0x00000000080003f4                FLASH_IRQHandler
                0x00000000080003f4                BusFault_Handler
                0x00000000080003f4                USART1_IRQHandler
                0x00000000080003f4                SPI3_IRQHandler
                0x00000000080003f4                DMA2_CH6_IRQHandler
                0x00000000080003f4                DMA2_CH3_IRQHandler
                0x00000000080003f4                DMA2_CH2_IRQHandler
                0x00000000080003f4                I2C1_ER_IRQHandler
                0x00000000080003f4                DMA1_CH5_IRQHandler
                0x00000000080003f4                DMA2_CH4_IRQHandler
                0x00000000080003f4                LPTIM1_IRQHandler
                0x00000000080003f4                DMAMUX_OVR_IRQHandler
                0x00000000080003f4                RTC_TAMP_CSS_LSE_IRQHandler
                0x00000000080003f4                COMP4_IRQHandler
                0x00000000080003f4                TIM1_BRK_TIM15_IRQHandler
 *fill*         0x00000000080003f6        0x2 
 .text.__libc_init_array
                0x00000000080003f8       0x48 d:/stm32cubeide_1.5.0/stm32cubeide/plugins/com.st.stm32cube.ide.mcu.externaltools.gnu-tools-for-stm32.7-2018-q2-update.win32_1.5.0.202011040924/tools/bin/../lib/gcc/arm-none-eabi/7.3.1/../../../../arm-none-eabi/lib/thumb/v7e-m/fpv4-sp/hard\libc_nano.a(lib_a-init.o)
                0x00000000080003f8                __libc_init_array
 *(.glue_7)
 .glue_7        0x0000000008000440        0x0 linker stubs
 *(.glue_7t)
 .glue_7t       0x0000000008000440        0x0 linker stubs
 *(.eh_frame)
 .eh_frame      0x0000000008000440        0x0 d:/stm32cubeide_1.5.0/stm32cubeide/plugins/com.st.stm32cube.ide.mcu.externaltools.gnu-tools-for-stm32.7-2018-q2-update.win32_1.5.0.202011040924/tools/bin/../lib/gcc/arm-none-eabi/7.3.1/thumb/v7e-m/fpv4-sp/hard/crtbegin.o
 *(.init)
 .init          0x0000000008000440        0x4 d:/stm32cubeide_1.5.0/stm32cubeide/plugins/com.st.stm32cube.ide.mcu.externaltools.gnu-tools-for-stm32.7-2018-q2-update.win32_1.5.0.202011040924/tools/bin/../lib/gcc/arm-none-eabi/7.3.1/thumb/v7e-m/fpv4-sp/hard/crti.o
                0x0000000008000440                _init
 .init          0x0000000008000444        0x8 d:/stm32cubeide_1.5.0/stm32cubeide/plugins/com.st.stm32cube.ide.mcu.externaltools.gnu-tools-for-stm32.7-2018-q2-update.win32_1.5.0.202011040924/tools/bin/../lib/gcc/arm-none-eabi/7.3.1/thumb/v7e-m/fpv4-sp/hard/crtn.o
 *(.fini)
 .fini          0x000000000800044c        0x4 d:/stm32cubeide_1.5.0/stm32cubeide/plugins/com.st.stm32cube.ide.mcu.externaltools.gnu-tools-for-stm32.7-2018-q2-update.win32_1.5.0.202011040924/tools/bin/../lib/gcc/arm-none-eabi/7.3.1/thumb/v7e-m/fpv4-sp/hard/crti.o
                0x000000000800044c                _fini
 .fini          0x0000000008000450        0x8 d:/stm32cubeide_1.5.0/stm32cubeide/plugins/com.st.stm32cube.ide.mcu.externaltools.gnu-tools-for-stm32.7-2018-q2-update.win32_1.5.0.202011040924/tools/bin/../lib/gcc/arm-none-eabi/7.3.1/thumb/v7e-m/fpv4-sp/hard/crtn.o
                0x0000000008000458                . = ALIGN (0x4)
                0x0000000008000458                _etext = .

.vfp11_veneer   0x0000000008000458        0x0
 .vfp11_veneer  0x0000000008000458        0x0 linker stubs

.v4_bx          0x0000000008000458        0x0
 .v4_bx         0x0000000008000458        0x0 linker stubs

.iplt           0x0000000008000458        0x0
 .iplt          0x0000000008000458        0x0 d:/stm32cubeide_1.5.0/stm32cubeide/plugins/com.st.stm32cube.ide.mcu.externaltools.gnu-tools-for-stm32.7-2018-q2-update.win32_1.5.0.202011040924/tools/bin/../lib/gcc/arm-none-eabi/7.3.1/thumb/v7e-m/fpv4-sp/hard/crtbegin.o

.rel.dyn        0x0000000008000458        0x0
 .rel.iplt      0x0000000008000458        0x0 d:/stm32cubeide_1.5.0/stm32cubeide/plugins/com.st.stm32cube.ide.mcu.externaltools.gnu-tools-for-stm32.7-2018-q2-update.win32_1.5.0.202011040924/tools/bin/../lib/gcc/arm-none-eabi/7.3.1/thumb/v7e-m/fpv4-sp/hard/crtbegin.o

.rodata         0x0000000008000458        0x0
                0x0000000008000458                . = ALIGN (0x4)
 *(.rodata)
 *(.rodata*)
                0x0000000008000458                . = ALIGN (0x4)

.ARM.extab      0x0000000008000458        0x0
                0x0000000008000458                . = ALIGN (0x4)
 *(.ARM.extab* .gnu.linkonce.armextab.*)
                0x0000000008000458                . = ALIGN (0x4)

.ARM            0x0000000008000458        0x0
                0x0000000008000458                . = ALIGN (0x4)
                0x0000000008000458                __exidx_start = .
 *(.ARM.exidx*)
                0x0000000008000458                __exidx_end = .
                0x0000000008000458                . = ALIGN (0x4)

.preinit_array  0x0000000008000458        0x0
                0x0000000008000458                . = ALIGN (0x4)
                0x0000000008000458                PROVIDE (__preinit_array_start = .)
 *(.preinit_array*)
                0x0000000008000458                PROVIDE (__preinit_array_end = .)
                0x0000000008000458                . = ALIGN (0x4)

.init_array     0x0000000008000458        0x4
                0x0000000008000458                . = ALIGN (0x4)
                0x0000000008000458                PROVIDE (__init_array_start = .)
 *(SORT_BY_NAME(.init_array.*))
 *(.init_array*)
 .init_array    0x0000000008000458        0x4 d:/stm32cubeide_1.5.0/stm32cubeide/plugins/com.st.stm32cube.ide.mcu.externaltools.gnu-tools-for-stm32.7-2018-q2-update.win32_1.5.0.202011040924/tools/bin/../lib/gcc/arm-none-eabi/7.3.1/thumb/v7e-m/fpv4-sp/hard/crtbegin.o
                0x000000000800045c                PROVIDE (__init_array_end = .)
                0x000000000800045c                . = ALIGN (0x4)

.fini_array     0x000000000800045c        0x4
                0x000000000800045c                . = ALIGN (0x4)
                [!provide]                        PROVIDE (__fini_array_start = .)
 *(SORT_BY_NAME(.fini_array.*))
 *(.fini_array*)
 .fini_array    0x000000000800045c        0x4 d:/stm32cubeide_1.5.0/stm32cubeide/plugins/com.st.stm32cube.ide.mcu.externaltools.gnu-tools-for-stm32.7-2018-q2-update.win32_1.5.0.202011040924/tools/bin/../lib/gcc/arm-none-eabi/7.3.1/thumb/v7e-m/fpv4-sp/hard/crtbegin.o
                [!provide]                        PROVIDE (__fini_array_end = .)
                0x0000000008000460                . = ALIGN (0x4)
                0x0000000008000460                _sidata = LOADADDR (.data)

.data           0x0000000020000000        0xc load address 0x0000000008000460
                0x0000000020000000                . = ALIGN (0x4)
                0x0000000020000000                _sdata = .
 *(.data)
 *(.data*)
 .data.rcc_regs
                0x0000000020000000        0x4 Src/msys.o
 .data.pwr_regs
                0x0000000020000004        0x4 Src/msys.o
 .data.flash_regs
                0x0000000020000008        0x4 Src/msys.o
 *(.RamFunc)
 *(.RamFunc*)
                0x000000002000000c                . = ALIGN (0x4)
                0x000000002000000c                _edata = .

.igot.plt       0x000000002000000c        0x0 load address 0x000000000800046c
 .igot.plt      0x000000002000000c        0x0 d:/stm32cubeide_1.5.0/stm32cubeide/plugins/com.st.stm32cube.ide.mcu.externaltools.gnu-tools-for-stm32.7-2018-q2-update.win32_1.5.0.202011040924/tools/bin/../lib/gcc/arm-none-eabi/7.3.1/thumb/v7e-m/fpv4-sp/hard/crtbegin.o
                0x000000002000000c                . = ALIGN (0x4)

.bss            0x000000002000000c       0x20 load address 0x000000000800046c
                0x000000002000000c                _sbss = .
                0x000000002000000c                __bss_start__ = _sbss
 *(.bss)
 .bss           0x000000002000000c       0x1c d:/stm32cubeide_1.5.0/stm32cubeide/plugins/com.st.stm32cube.ide.mcu.externaltools.gnu-tools-for-stm32.7-2018-q2-update.win32_1.5.0.202011040924/tools/bin/../lib/gcc/arm-none-eabi/7.3.1/thumb/v7e-m/fpv4-sp/hard/crtbegin.o
 *(.bss*)
 .bss.i         0x0000000020000028        0x4 Src/msys_test_main.o
                0x0000000020000028                i
 *(COMMON)
                0x000000002000002c                . = ALIGN (0x4)
                0x000000002000002c                _ebss = .
                0x000000002000002c                __bss_end__ = _ebss

._user_heap_stack
                0x000000002000002c      0x604 load address 0x000000000800046c
                0x0000000020000030                . = ALIGN (0x8)
 *fill*         0x000000002000002c        0x4 
                [!provide]                        PROVIDE (end = .)
                [!provide]                        PROVIDE (_end = .)
                0x0000000020000230                . = (. + _Min_Heap_Size)
 *fill*         0x0000000020000030      0x200 
                0x0000000020000630                . = (. + _Min_Stack_Size)
 *fill*         0x0000000020000230      0x400 
                0x0000000020000630                . = ALIGN (0x8)

/DISCARD/
 libc.a(*)
 libm.a(*)
 libgcc.a(*)

.ARM.attributes
                0x0000000000000000       0x30
 *(.ARM.attributes)
 .ARM.attributes
                0x0000000000000000       0x22 d:/stm32cubeide_1.5.0/stm32cubeide/plugins/com.st.stm32cube.ide.mcu.externaltools.gnu-tools-for-stm32.7-2018-q2-update.win32_1.5.0.202011040924/tools/bin/../lib/gcc/arm-none-eabi/7.3.1/thumb/v7e-m/fpv4-sp/hard/crti.o
 .ARM.attributes
                0x0000000000000022       0x34 d:/stm32cubeide_1.5.0/stm32cubeide/plugins/com.st.stm32cube.ide.mcu.externaltools.gnu-tools-for-stm32.7-2018-q2-update.win32_1.5.0.202011040924/tools/bin/../lib/gcc/arm-none-eabi/7.3.1/thumb/v7e-m/fpv4-sp/hard/crtbegin.o
 .ARM.attributes
                0x0000000000000056       0x39 Src/msys.o
 .ARM.attributes
                0x000000000000008f       0x39 Src/msys_test_main.o
 .ARM.attributes
                0x00000000000000c8       0x21 Startup/startup_stm32g431rbtx.o
 .ARM.attributes
                0x00000000000000e9       0x34 d:/stm32cubeide_1.5.0/stm32cubeide/plugins/com.st.stm32cube.ide.mcu.externaltools.gnu-tools-for-stm32.7-2018-q2-update.win32_1.5.0.202011040924/tools/bin/../lib/gcc/arm-none-eabi/7.3.1/../../../../arm-none-eabi/lib/thumb/v7e-m/fpv4-sp/hard\libc_nano.a(lib_a-init.o)
 .ARM.attributes
                0x000000000000011d       0x22 d:/stm32cubeide_1.5.0/stm32cubeide/plugins/com.st.stm32cube.ide.mcu.externaltools.gnu-tools-for-stm32.7-2018-q2-update.win32_1.5.0.202011040924/tools/bin/../lib/gcc/arm-none-eabi/7.3.1/thumb/v7e-m/fpv4-sp/hard/crtn.o
OUTPUT(stm32g4_driver_dev.elf elf32-littlearm)

.debug_info     0x0000000000000000     0x1637
 .debug_info    0x0000000000000000      0xd68 Src/msys.o
 .debug_info    0x0000000000000d68      0x8ad Src/msys_test_main.o
 .debug_info    0x0000000000001615       0x22 Startup/startup_stm32g431rbtx.o

.debug_abbrev   0x0000000000000000      0x340
 .debug_abbrev  0x0000000000000000      0x1b8 Src/msys.o
 .debug_abbrev  0x00000000000001b8      0x176 Src/msys_test_main.o
 .debug_abbrev  0x000000000000032e       0x12 Startup/startup_stm32g431rbtx.o

.debug_aranges  0x0000000000000000       0x78
 .debug_aranges
                0x0000000000000000       0x30 Src/msys.o
 .debug_aranges
                0x0000000000000030       0x20 Src/msys_test_main.o
 .debug_aranges
                0x0000000000000050       0x28 Startup/startup_stm32g431rbtx.o

.debug_ranges   0x0000000000000000       0x50
 .debug_ranges  0x0000000000000000       0x20 Src/msys.o
 .debug_ranges  0x0000000000000020       0x10 Src/msys_test_main.o
 .debug_ranges  0x0000000000000030       0x20 Startup/startup_stm32g431rbtx.o

.debug_macro    0x0000000000000000     0x21ee
 .debug_macro   0x0000000000000000      0x2a0 Src/msys.o
 .debug_macro   0x00000000000002a0      0xa66 Src/msys.o
 .debug_macro   0x0000000000000d06       0x22 Src/msys.o
 .debug_macro   0x0000000000000d28       0x40 Src/msys.o
 .debug_macro   0x0000000000000d68       0x18 Src/msys.o
 .debug_macro   0x0000000000000d80       0x94 Src/msys.o
 .debug_macro   0x0000000000000e14       0x3c Src/msys.o
 .debug_macro   0x0000000000000e50       0x34 Src/msys.o
 .debug_macro   0x0000000000000e84       0x16 Src/msys.o
 .debug_macro   0x0000000000000e9a       0x57 Src/msys.o
 .debug_macro   0x0000000000000ef1       0x97 Src/msys.o
 .debug_macro   0x0000000000000f88      0x330 Src/msys.o
 .debug_macro   0x00000000000012b8       0xfd Src/msys.o
 .debug_macro   0x00000000000013b5       0x10 Src/msys.o
 .debug_macro   0x00000000000013c5       0x52 Src/msys.o
 .debug_macro   0x0000000000001417       0x1f Src/msys.o
 .debug_macro   0x0000000000001436       0x43 Src/msys.o
 .debug_macro   0x0000000000001479       0x20 Src/msys.o
 .debug_macro   0x0000000000001499      0x1a3 Src/msys.o
 .debug_macro   0x000000000000163c       0x10 Src/msys.o
 .debug_macro   0x000000000000164c       0x6a Src/msys.o
 .debug_macro   0x00000000000016b6       0x1c Src/msys.o
 .debug_macro   0x00000000000016d2       0x52 Src/msys.o
 .debug_macro   0x0000000000001724       0x40 Src/msys.o
 .debug_macro   0x0000000000001764       0x10 Src/msys.o
 .debug_macro   0x0000000000001774       0x40 Src/msys.o
 .debug_macro   0x00000000000017b4       0xd7 Src/msys.o
 .debug_macro   0x000000000000188b       0x1c Src/msys.o
 .debug_macro   0x00000000000018a7       0x3d Src/msys.o
 .debug_macro   0x00000000000018e4       0x16 Src/msys.o
 .debug_macro   0x00000000000018fa      0x145 Src/msys.o
 .debug_macro   0x0000000000001a3f       0xef Src/msys.o
 .debug_macro   0x0000000000001b2e      0x1df Src/msys.o
 .debug_macro   0x0000000000001d0d       0x40 Src/msys.o
 .debug_macro   0x0000000000001d4d      0x196 Src/msys.o
 .debug_macro   0x0000000000001ee3      0x1e6 Src/msys_test_main.o
 .debug_macro   0x00000000000020c9       0x8e Src/msys_test_main.o
 .debug_macro   0x0000000000002157       0x51 Src/msys_test_main.o
 .debug_macro   0x00000000000021a8       0x46 Src/msys_test_main.o

.debug_line     0x0000000000000000      0xc02
 .debug_line    0x0000000000000000      0x5df Src/msys.o
 .debug_line    0x00000000000005df      0x59f Src/msys_test_main.o
 .debug_line    0x0000000000000b7e       0x84 Startup/startup_stm32g431rbtx.o

.debug_str      0x0000000000000000     0x8e54
 .debug_str     0x0000000000000000     0x8e06 Src/msys.o
                                       0x9053 (size before relaxing)
 .debug_str     0x0000000000008e06       0x1d Src/msys_test_main.o
                                       0x87cf (size before relaxing)
 .debug_str     0x0000000000008e23       0x31 Startup/startup_stm32g431rbtx.o
                                         0x76 (size before relaxing)

.comment        0x0000000000000000       0x7b
 .comment       0x0000000000000000       0x7b Src/msys.o
                                         0x7c (size before relaxing)
 .comment       0x000000000000007b       0x7c Src/msys_test_main.o

.debug_frame    0x0000000000000000       0xcc
 .debug_frame   0x0000000000000000       0x74 Src/msys.o
 .debug_frame   0x0000000000000074       0x2c Src/msys_test_main.o
 .debug_frame   0x00000000000000a0       0x2c d:/stm32cubeide_1.5.0/stm32cubeide/plugins/com.st.stm32cube.ide.mcu.externaltools.gnu-tools-for-stm32.7-2018-q2-update.win32_1.5.0.202011040924/tools/bin/../lib/gcc/arm-none-eabi/7.3.1/../../../../arm-none-eabi/lib/thumb/v7e-m/fpv4-sp/hard\libc_nano.a(lib_a-init.o)
